
[1m[46m RUN [49m[22m [36mv4.0.18 [39m[90mC:/Users/GMNG/Desktop/Work/FinLink/backend[39m

 [31mΓ¥»[39m src/tests/gym.service.test.ts [2m([22m[2m4 tests[22m[2m | [22m[31m1 failed[39m[2m)[22m[32m 45[2mms[22m[39m
     [32mΓ£ô[39m should return correct capacity[32m 5[2mms[22m[39m
     [32mΓ£ô[39m should allow booking when capacity is available[32m 4[2mms[22m[39m
     [32mΓ£ô[39m should not allow double-booking by the same user[32m 5[2mms[22m[39m
[31m     [31m├ù[31m should not allow booking when gym is full[39m[32m 26[2mms[22m[39m
node.exe : 
At 
C:\nvm4w\nodejs\npx.ps1:16 
char:5
+     & 
"$basedir/node$exe"  "$base
dir/node_modules/npm/bin/np
x-cli.js" ...
+     ~~~~~~~~~~~~~~~~~~~~~
~~~~~~~~~~~~~~~~~~~~~~~~~~~
~~~~~~~~~~~~~~~~~
    + CategoryInfo         
     : NotSpecified: (:St  
  ring) [], RemoteExcept   
 ion
    + FullyQualifiedErrorI 
   d : NativeCommandError
 
[31mΓÄ»ΓÄ»ΓÄ»ΓÄ»ΓÄ»ΓÄ»ΓÄ»
[39m[1m[41m Failed Tests 
1 [49m[22m[31mΓÄ»ΓÄ»ΓÄ»Γ
Ä»ΓÄ»ΓÄ»ΓÄ»[39m

[41m[1m FAIL [22m[49m s
rc/tests/gym.service.test.t
s[2m > 
[22mGymService[2m > 
[22mshould not allow 
booking when gym is full
[31m[1mAssertionError[22
m: promise resolved "{ 
userId: 'user-overflow', 
ΓÇª(2) }" instead of 
rejecting[39m

[32m- Expected[39m
[31m+ Received[39m

[32m- Error {[39m
[32m-   "message": 
"rejected promise",[39m
[31m+ {[39m
[31m+   "gymId": 
"gym-123",[39m
[31m+   "timestamp": "2026
-02-19T07:55:40.659Z",[39m
[31m+   "userId": 
"user-overflow",[39m
[2m  }[22m

[36m [2mΓ¥»[22m src/test
s/gym.service.test.ts:[2m4
2:65[22m[39m
    [90m 40| [39m    }
    [90m 41| [39m
    [90m 42| [39m    
await expect(gymService.boo
kSlot('user-overflow', 
'gym-123')).rejeΓÇª
    [90m   | [39m        
                           
                           
  [31m^[39m
    [90m 43| [39m  
})[33m;[39m
    [90m 44| 
[39m})[33m;[39m

[31m[2mΓÄ»ΓÄ»ΓÄ»ΓÄ»ΓÄ»ΓÄ»
ΓÄ»ΓÄ»ΓÄ»ΓÄ»ΓÄ»ΓÄ»ΓÄ»ΓÄ»ΓÄ»
ΓÄ»ΓÄ»ΓÄ»ΓÄ»ΓÄ»ΓÄ»ΓÄ»ΓÄ»ΓÄ»
[1/1]ΓÄ»[22m[39m


[2m Test Files [22m [1m[31m1 failed[39m[22m[90m (1)[39m
[2m      Tests [22m [1m[31m1 failed[39m[22m[2m | [22m[1m[32m3 passed[39m[22m[90m (4)[39m
[2m   Start at [22m 09:55:39
[2m   Duration [22m 1.02s[2m (transform 387ms, setup 0ms, import 461ms, tests 45ms, environment 0ms)[22m

